// Jest Snapshot v1, https://goo.gl/fbAQLP

exports[`Given a MedalTable Component When rendered should render a list of countries with their medals 1`] = `
<div
  className="grid"
>
  <table
    className="medal-table"
  >
    <thead>
      <tr>
        <th
          className="medal-table__header__cell"
        >
          #
        </th>
        <th
          className="medal-table__header__cell"
        >
          Country
        </th>
        <th
          className="medal-table__header__cell"
        >
          <span
            className="medal-table__header__cell--gold"
          />
        </th>
        <th
          className="medal-table__header__cell"
        >
          <span
            className="medal-table__header__cell--silver"
          />
        </th>
        <th
          className="medal-table__header__cell"
        >
          <span
            className="medal-table__header__cell--bronze"
          />
        </th>
        <th
          className="medal-table__header__cell"
        >
          Total
        </th>
        <th
          className="medal-table__header__cell"
        >
          Â 
        </th>
      </tr>
    </thead>
    <tbody
      className="medal-table__body"
    >
      <tr
        className="medal-table__row"
        key="China"
        onClick={[Function]}
      >
        <td
          className="medal-table__body__cell"
        >
          1
        </td>
        <td
          className="medal-table__body__cell"
        >
          <span
            className="flag-icon flag-icon-cn"
          />
          <span
            className="medal-table__body__country"
          >
            China
          </span>
        </td>
        <td
          className="medal-table__body__cell"
        >
          100
        </td>
        <td
          className="medal-table__body__cell"
        >
          0
        </td>
        <td
          className="medal-table__body__cell"
        >
          0
        </td>
        <td
          className="medal-table__body__cell"
        >
          100
        </td>
        <td
          className="medal-table__body__cell"
        >
          <div
            className="medal-table__body__cell__actions"
          >
            <button
              className="medal-table__delete__button"
              onClick={[Function]}
            >
              Delete
            </button>
          </div>
        </td>
      </tr>
    </tbody>
  </table>
</div>
`;
